[1.655s] Invoking command in '/home/agilex/agilex_mx/src/coordinates_generator': PYTHONPATH=/home/agilex/agilex_mx/build/coordinates_generator/prefix_override:/home/agilex/agilex_mx/install/coordinates_generator/lib/python3.10/site-packages:${PYTHONPATH} /usr/bin/python3 setup.py egg_info --egg-base ../../build/coordinates_generator build --build-base /home/agilex/agilex_mx/build/coordinates_generator/build install --record /home/agilex/agilex_mx/build/coordinates_generator/install.log --single-version-externally-managed
[2.062s] running egg_info
[2.063s] writing ../../build/coordinates_generator/coordinates_generator.egg-info/PKG-INFO
[2.063s] writing dependency_links to ../../build/coordinates_generator/coordinates_generator.egg-info/dependency_links.txt
[2.063s] writing entry points to ../../build/coordinates_generator/coordinates_generator.egg-info/entry_points.txt
[2.063s] writing requirements to ../../build/coordinates_generator/coordinates_generator.egg-info/requires.txt
[2.063s] writing top-level names to ../../build/coordinates_generator/coordinates_generator.egg-info/top_level.txt
[2.066s] reading manifest file '../../build/coordinates_generator/coordinates_generator.egg-info/SOURCES.txt'
[2.067s] writing manifest file '../../build/coordinates_generator/coordinates_generator.egg-info/SOURCES.txt'
[2.067s] running build
[2.067s] running build_py
[2.067s] copying coordinates_generator/person_tracker.py -> /home/agilex/agilex_mx/build/coordinates_generator/build/lib/coordinates_generator
[2.068s] running install
[2.068s] running install_lib
[2.069s] copying /home/agilex/agilex_mx/build/coordinates_generator/build/lib/coordinates_generator/person_tracker.py -> /home/agilex/agilex_mx/install/coordinates_generator/lib/python3.10/site-packages/coordinates_generator
[2.071s] byte-compiling /home/agilex/agilex_mx/install/coordinates_generator/lib/python3.10/site-packages/coordinates_generator/person_tracker.py to person_tracker.cpython-310.pyc
[2.077s] running install_data
[2.078s] running install_egg_info
[2.080s] removing '/home/agilex/agilex_mx/install/coordinates_generator/lib/python3.10/site-packages/coordinates_generator-0.1.0-py3.10.egg-info' (and everything under it)
[2.081s] Copying ../../build/coordinates_generator/coordinates_generator.egg-info to /home/agilex/agilex_mx/install/coordinates_generator/lib/python3.10/site-packages/coordinates_generator-0.1.0-py3.10.egg-info
[2.082s] running install_scripts
[2.110s] Installing person_detector script to /home/agilex/agilex_mx/install/coordinates_generator/lib/coordinates_generator
[2.110s] Installing person_tracker script to /home/agilex/agilex_mx/install/coordinates_generator/lib/coordinates_generator
[2.110s] writing list of installed files to '/home/agilex/agilex_mx/build/coordinates_generator/install.log'
[2.174s] Invoked command in '/home/agilex/agilex_mx/src/coordinates_generator' returned '0': PYTHONPATH=/home/agilex/agilex_mx/build/coordinates_generator/prefix_override:/home/agilex/agilex_mx/install/coordinates_generator/lib/python3.10/site-packages:${PYTHONPATH} /usr/bin/python3 setup.py egg_info --egg-base ../../build/coordinates_generator build --build-base /home/agilex/agilex_mx/build/coordinates_generator/build install --record /home/agilex/agilex_mx/build/coordinates_generator/install.log --single-version-externally-managed
