[1.462s] Invoking command in '/home/agilex/agilex_mx/src/tracker': PYTHONPATH=/home/agilex/agilex_mx/build/tracker/prefix_override:/home/agilex/agilex_mx/install/tracker/lib/python3.10/site-packages:${PYTHONPATH} /usr/bin/python3 setup.py egg_info --egg-base ../../build/tracker build --build-base /home/agilex/agilex_mx/build/tracker/build install --record /home/agilex/agilex_mx/build/tracker/install.log --single-version-externally-managed
[1.709s] running egg_info
[1.709s] writing ../../build/tracker/tracker.egg-info/PKG-INFO
[1.709s] writing dependency_links to ../../build/tracker/tracker.egg-info/dependency_links.txt
[1.710s] writing entry points to ../../build/tracker/tracker.egg-info/entry_points.txt
[1.710s] writing requirements to ../../build/tracker/tracker.egg-info/requires.txt
[1.710s] writing top-level names to ../../build/tracker/tracker.egg-info/top_level.txt
[1.712s] reading manifest file '../../build/tracker/tracker.egg-info/SOURCES.txt'
[1.713s] writing manifest file '../../build/tracker/tracker.egg-info/SOURCES.txt'
[1.713s] running build
[1.713s] running build_py
[1.713s] copying tracker/follower.py -> /home/agilex/agilex_mx/build/tracker/build/lib/tracker
[1.714s] running install
[1.714s] running install_lib
[1.715s] copying /home/agilex/agilex_mx/build/tracker/build/lib/tracker/follower.py -> /home/agilex/agilex_mx/install/tracker/lib/python3.10/site-packages/tracker
[1.715s] byte-compiling /home/agilex/agilex_mx/install/tracker/lib/python3.10/site-packages/tracker/follower.py to follower.cpython-310.pyc
[1.717s] running install_data
[1.718s] running install_egg_info
[1.719s] removing '/home/agilex/agilex_mx/install/tracker/lib/python3.10/site-packages/tracker-0.0.1-py3.10.egg-info' (and everything under it)
[1.720s] Copying ../../build/tracker/tracker.egg-info to /home/agilex/agilex_mx/install/tracker/lib/python3.10/site-packages/tracker-0.0.1-py3.10.egg-info
[1.721s] running install_scripts
[1.742s] Installing follower script to /home/agilex/agilex_mx/install/tracker/lib/tracker
[1.742s] Installing person_detector script to /home/agilex/agilex_mx/install/tracker/lib/tracker
[1.742s] writing list of installed files to '/home/agilex/agilex_mx/build/tracker/install.log'
[1.771s] Invoked command in '/home/agilex/agilex_mx/src/tracker' returned '0': PYTHONPATH=/home/agilex/agilex_mx/build/tracker/prefix_override:/home/agilex/agilex_mx/install/tracker/lib/python3.10/site-packages:${PYTHONPATH} /usr/bin/python3 setup.py egg_info --egg-base ../../build/tracker build --build-base /home/agilex/agilex_mx/build/tracker/build install --record /home/agilex/agilex_mx/build/tracker/install.log --single-version-externally-managed
